// Jest Snapshot v1, https://goo.gl/fbAQLP

exports[`Pruebas unitarias parel componente <MapComponent/> Renderizar correctamente 1`] = `
<Fragment>
  <svg
    className="cylmap centerItem"
  >
    <path
      className="provincies"
      d="M480,250L480,250L480,250L480,250L480,250L480,250L480,250L480,250L480,250L480,250L480,250L480,250L480,250L480,250L480,250L480,250L480,250L480,250L480,250L480,250L480,250L480,250L480,250L480,250L480,250L480,250L480,250L480,250L480,250L480,250L480,250L480,250L480,250L480,250L480,250L480,250L480,250L480,250L480,250L480,250L480,250L480,250L480,250L480,250L480,250L480,250L480,250L480,250L480,250L480,250L480,250L480,250L480,250L480,250L480,250L480,250L480,250L480,250L480,250L480,250L480,250L480,250L480,250L480,250L480,250L480,250L480,250L480,250L480,250L480,250L480,250L480,250L480,250L480,250L480,250L480,250L480,250L480,250L480,250L480,250L480,250L480,250L480,250L480,250L480,250L480,250L480,250L480,250L480,250L480,250L480,250L480,250L480,250L480,250L480,250L480,250L480,250L480,250L480,250L480,250L480,250L480,250L480,250L480,250L480,250L480,250L480,250L480,250L480,250L480,250Z"
      data-for="data-province"
      data-tip="Ávila"
      key="path0"
      style={
        Object {
          "fill": "green",
        }
      }
    />
    <path
      className="provincies"
      d="M480,250L480,250L480,250L480,250L480,250L480,250L480,250L480,250L480,250L480,250L480,250L480,250L480,250L480,250L480,250L480,250L480,250L480,250L480,250L480,250L480,250L480,250L480,250L480,250L480,250L480,250L480,250L480,250L480,250L480,250L480,250L480,250L480,250L480,250L480,250L480,250L480,250L480,250L480,250L480,250L480,250L480,250L480,250L480,250L480,250L480,250L480,250L480,250L480,250L480,250L480,250L480,250L480,250L480,250L480,250L480,250L480,250L480,250L480,250L480,250L480,250L480,250L480,250L480,250L480,250L480,250L480,250L480,250L480,250L480,250L480,250L480,250L480,250L480,250L480,250L480,250L480,250L480,250L480,250L480,250L480,250L480,250L480,250L480,250L480,250L480,250L480,250L480,250L480,250L480,250L480,250L480,250L480,250L480,250L480,250L480,250L480,250L480,250L480,250L480,250L480,250L480,250L480,250L480,250L480,250L480,250L480,250L480,250L480,250L480,250L480,250L480,250L480,250L480,250L480,250L480,250L480,250L480,250L480,250L480,250L480,250L480,250L480,250L480,250L480,250L480,250L480,250L480,250L480,250L480,250L480,250L480,250L480,250L480,250L480,250L480,250L480,250L480,250L480,250L480,250L480,250L480,250L480,250L480,250L480,250L480,250L480,250L480,250L480,250L480,250L480,250L480,250L480,250L480,250L480,250L480,250L480,250L480,250L480,250L480,250L480,250L480,250L480,250L480,250L480,250L480,250L480,250L480,250L480,250L480,250L480,250L480,250L480,250L480,250L480,250L480,250L480,250L480,250L480,250L480,250L480,250L480,250L480,250L480,250L480,250L480,250L480,250L480,250L480,250ZM480,250L480,250L480,250L480,250L480,250ZM480,250L480,250L480,250L480,250ZM480,250L480,250L480,250L480,250L480,250L480,250L480,250L480,250L480,250L480,250L480,250L480,250L480,250L480,250L480,250L480,250L480,250ZM480,250L480,250L480,250L480,250ZM480,250L480,250L480,250L480,250ZM480,250L480,250L480,250L480,250Z"
      data-for="data-province"
      data-tip="Burgos"
      key="path1"
      style={
        Object {
          "fill": "green",
        }
      }
    />
    <path
      className="provincies"
      d="M480,250L480,250L480,250L480,250L480,250L480,250L480,250L480,250L480,250L480,250L480,250L480,250L480,250L480,250L480,250L480,250L480,250L480,250L480,250L480,250L480,250L480,250L480,250L480,250L480,250L480,250L480,250L480,250L480,250L480,250L480,250L480,250L480,250L480,250L480,250L480,250L480,250L480,250L480,250L480,250L480,250L480,250L480,250L480,250L480,250L480,250L480,250L480,250L480,250L480,250L480,250L480,250L480,250L480,250L480,250L480,250L480,250L480,250L480,250L480,250L480,250L480,250L480,250L480,250L480,250L480,250L480,250L480,250L480,250L480,250L480,250L480,250L480,250L480,250L480,250L480,250L480,250L480,250L480,250L480,250L480,250L480,250L480,250L480,250L480,250L480,250L480,250L480,250L480,250L480,250L480,250L480,250L480,250L480,250L480,250L480,250L480,250L480,250L480,250L480,250L480,250L480,250L480,250L480,250L480,250L480,250L480,250L480,250L480,250L480,250L480,250L480,250L480,250L480,250L480,250L480,250L480,250L480,250L480,250L480,250L480,250L480,250L480,250L480,250L480,250L480,250L480,250L480,250L480,250L480,250L480,250L480,250L480,250L480,250L480,250L480,250L480,250L480,250L480,250L480,250L480,250L480,250L480,250L480,250L480,250L480,250L480,250L480,250L480,250L480,250L480,250L480,250ZM480,250L480,250L480,250L480,250Z"
      data-for="data-province"
      data-tip="León"
      key="path2"
      style={
        Object {
          "fill": "green",
        }
      }
    />
    <path
      className="provincies"
      d="M480,250L480,250L480,250L480,250L480,250L480,250L480,250L480,250L480,250L480,250L480,250L480,250L480,250L480,250L480,250L480,250L480,250L480,250L480,250L480,250L480,250L480,250L480,250L480,250L480,250L480,250L480,250L480,250L480,250L480,250L480,250L480,250L480,250L480,250L480,250L480,250L480,250L480,250L480,250L480,250L480,250L480,250L480,250L480,250L480,250L480,250L480,250L480,250L480,250L480,250L480,250L480,250L480,250L480,250L480,250L480,250L480,250L480,250L480,250L480,250L480,250L480,250L480,250L480,250L480,250L480,250L480,250L480,250L480,250L480,250L480,250L480,250L480,250L480,250L480,250L480,250L480,250L480,250L480,250L480,250L480,250L480,250L480,250L480,250L480,250L480,250L480,250L480,250L480,250L480,250L480,250L480,250L480,250L480,250L480,250L480,250L480,250L480,250L480,250L480,250L480,250L480,250L480,250L480,250L480,250L480,250L480,250L480,250L480,250L480,250L480,250L480,250L480,250L480,250L480,250L480,250L480,250L480,250L480,250L480,250L480,250L480,250L480,250L480,250L480,250L480,250L480,250L480,250L480,250L480,250L480,250L480,250L480,250L480,250L480,250L480,250L480,250L480,250L480,250L480,250L480,250L480,250L480,250ZM480,250L480,250L480,250L480,250ZM480,250L480,250L480,250L480,250L480,250L480,250ZM480,250L480,250L480,250L480,250ZM480,250L480,250L480,250L480,250ZM480,250L480,250L480,250L480,250ZM480,250L480,250L480,250L480,250Z"
      data-for="data-province"
      data-tip="Palencia"
      key="path3"
      style={
        Object {
          "fill": "green",
        }
      }
    />
    <path
      className="provincies"
      d="M480,250L480,250L480,250L480,250L480,250L480,250L480,250L480,250L480,250L480,250L480,250L480,250L480,250L480,250L480,250L480,250L480,250L480,250L480,250L480,250L480,250L480,250L480,250L480,250L480,250L480,250L480,250L480,250L480,250L480,250L480,250L480,250L480,250L480,250L480,250L480,250L480,250L480,250L480,250L480,250L480,250L480,250L480,250L480,250L480,250L480,250L480,250L480,250L480,250L480,250L480,250L480,250L480,250L480,250L480,250L480,250L480,250L480,250L480,250L480,250L480,250L480,250L480,250L480,250L480,250L480,250L480,250L480,250L480,250L480,250L480,250L480,250L480,250L480,250L480,250L480,250L480,250L480,250L480,250L480,250L480,250L480,250L480,250L480,250L480,250L480,250L480,250L480,250L480,250L480,250L480,250L480,250L480,250L480,250L480,250L480,250L480,250L480,250L480,250L480,250L480,250L480,250L480,250L480,250L480,250L480,250L480,250L480,250L480,250L480,250L480,250L480,250L480,250L480,250L480,250L480,250L480,250L480,250L480,250L480,250L480,250L480,250L480,250L480,250L480,250L480,250L480,250L480,250L480,250L480,250Z"
      data-for="data-province"
      data-tip="Salamanca"
      key="path4"
      style={
        Object {
          "fill": "green",
        }
      }
    />
    <path
      className="provincies"
      d="M480,250L480,250L480,250L480,250L480,250L480,250L480,250L480,250L480,250L480,250L480,250L480,250L480,250L480,250L480,250L480,250L480,250L480,250L480,250L480,250L480,250L480,250L480,250L480,250L480,250L480,250L480,250L480,250L480,250L480,250L480,250L480,250L480,250L480,250L480,250L480,250L480,250L480,250L480,250L480,250L480,250L480,250L480,250L480,250L480,250L480,250L480,250L480,250L480,250L480,250L480,250L480,250L480,250L480,250L480,250L480,250L480,250L480,250L480,250L480,250L480,250L480,250L480,250L480,250L480,250L480,250L480,250L480,250L480,250L480,250L480,250L480,250L480,250L480,250L480,250L480,250L480,250L480,250L480,250L480,250L480,250L480,250L480,250L480,250L480,250L480,250Z"
      data-for="data-province"
      data-tip="Segovia"
      key="path5"
      style={
        Object {
          "fill": "green",
        }
      }
    />
    <path
      className="provincies"
      d="M480,250L480,250L480,250L480,250L480,250L480,250L480,250L480,250L480,250L480,250L480,250L480,250L480,250L480,250L480,250L480,250L480,250L480,250L480,250L480,250L480,250L480,250L480,250L480,250L480,250L480,250L480,250L480,250L480,250L480,250L480,250L480,250L480,250L480,250L480,250L480,250L480,250L480,250L480,250L480,250L480,250L480,250L480,250L480,250L480,250L480,250L480,250L480,250L480,250L480,250L480,250L480,250L480,250L480,250L480,250L480,250L480,250L480,250L480,250L480,250L480,250L480,250L480,250L480,250L480,250L480,250L480,250L480,250L480,250L480,250L480,250L480,250L480,250L480,250L480,250L480,250L480,250L480,250L480,250L480,250L480,250L480,250L480,250L480,250L480,250L480,250L480,250L480,250L480,250L480,250L480,250L480,250L480,250L480,250L480,250L480,250L480,250L480,250L480,250L480,250L480,250L480,250L480,250L480,250L480,250L480,250L480,250L480,250L480,250L480,250L480,250L480,250L480,250L480,250L480,250L480,250L480,250L480,250L480,250ZM480,250L480,250L480,250L480,250L480,250L480,250L480,250L480,250ZM480,250L480,250L480,250L480,250L480,250Z"
      data-for="data-province"
      data-tip="Valladolid"
      key="path6"
      style={
        Object {
          "fill": "green",
        }
      }
    />
    <path
      className="provincies"
      d="M480,250L480,250L480,250L480,250L480,250L480,250L480,250L480,250L480,250L480,250L480,250L480,250L480,250L480,250L480,250L480,250L480,250L480,250L480,250L480,250L480,250L480,250L480,250L480,250L480,250L480,250L480,250L480,250L480,250L480,250L480,250L480,250L480,250L480,250L480,250L480,250L480,250L480,250L480,250L480,250L480,250L480,250L480,250L480,250L480,250L480,250L480,250L480,250L480,250L480,250L480,250L480,250L480,250L480,250L480,250L480,250L480,250L480,250L480,250L480,250L480,250L480,250L480,250L480,250L480,250L480,250L480,250L480,250L480,250L480,250L480,250L480,250L480,250L480,250L480,250L480,250L480,250L480,250L480,250L480,250L480,250L480,250L480,250L480,250L480,250L480,250L480,250L480,250L480,250L480,250L480,250L480,250L480,250L480,250L480,250L480,250L480,250L480,250L480,250L480,250L480,250L480,250L480,250L480,250L480,250L480,250L480,250L480,250L480,250L480,250L480,250L480,250L480,250L480,250L480,250L480,250L480,250L480,250L480,250L480,250L480,250L480,250L480,250L480,250L480,250L480,250L480,250L480,250L480,250L480,250L480,250L480,250L480,250L480,250L480,250L480,250L480,250L480,250L480,250L480,250L480,250L480,250L480,250Z"
      data-for="data-province"
      data-tip="Zamora"
      key="path7"
      style={
        Object {
          "fill": "green",
        }
      }
    />
    <path
      className="provincies"
      d="M480,250L480,250L480,250L480,250L480,250L480,250L480,250L480,250L480,250L480,250L480,250L480,250L480,250L480,250L480,250L480,250L480,250L480,250L480,250L480,250L480,250L480,250L480,250L480,250L480,250L480,250L480,250L480,250L480,250L480,250L480,250L480,250L480,250L480,250L480,250L480,250L480,250L480,250L480,250L480,250L480,250L480,250L480,250L480,250L480,250L480,250L480,250L480,250L480,250L480,250L480,250L480,250L480,250L480,250L480,250L480,250L480,250L480,250L480,250L480,250L480,250L480,250L480,250L480,250L480,250L480,250L480,250L480,250L480,250L480,250L480,250L480,250L480,250L480,250L480,250L480,250L480,250L480,250L480,250L480,250L480,250L480,250L480,250L480,250L480,250L480,250L480,250L480,250L480,250L480,250L480,250L480,250L480,250L480,250L480,250L480,250L480,250L480,250L480,250L480,250L480,250L480,250L480,250L480,250L480,250L480,250L480,250L480,250L480,250L480,250L480,250L480,250L480,250L480,250L480,250L480,250Z"
      data-for="data-province"
      data-tip="Soria"
      key="path8"
      style={
        Object {
          "fill": "green",
        }
      }
    />
  </svg>
  <ReactTooltip
    aria-haspopup="true"
    clickable={false}
    getContent={[Function]}
    id="data-province"
    insecure={true}
    resizeHide={true}
    wrapper="div"
  />
</Fragment>
`;
